文件：rb1.c        盛群编译器版本 3.00 页次1



;   4: {
   4  0000              __extresb EQU [024H]
   4  0000              __wdtc EQU [01cH]
   4  0000              __ctrl1 EQU [01bH]
   4  0000              __pawu EQU [013H]
   4  0000              __papu EQU [012H]
   4  0000              __pac EQU [011H]
   4  0000              __pa EQU [010H]
   4  0000              __tmr0c EQU [0dH]
   4  0000              __tmr0 EQU [0cH]
   4  0000              __intc0 EQU [0bH]
   4  0000              __status EQU [0aH]
   4  0000              __wdts EQU [09H]
   4  0000              __tblh EQU [08H]
   4  0000              __tblp EQU [07H]
   4  0000              __pcl EQU [06H]
   4  0000              __acc EQU [05H]
   4  0000              __mp1 EQU [03H]
   4  0000              __iar1 EQU [02H]
   4  0000              __mp0 EQU [01H]
   4  0000              __iar0 EQU [00H]
   4  0000              @MAIN .SECTION 'CODE'
   4  0000              _main PROC
   4  0000              begin:

;   6: 	_wdtc = 0x2d ;
   6  0000  0F2D        MOV A,02dh
   6  0001  009C        MOV __wdtc,A

;   8: 	_intc0 = 0x05 ; //定时器1 打开 
   8  0002  0F05        MOV A,05h
   8  0003  008B        MOV __intc0,A

;   9: 	_tmr0c = 0x87 ; // 定时器 , 128分频
   9  0004  0F87        MOV A,087h
   9  0005  008D        MOV __tmr0c,A

;  10: 	_tmr0  = 256-250 ;
  10  0006  0F06        MOV A,06h
  10  0007  008C        MOV __tmr0,A
  10  0008  2800     R  JMP L3
  10  0009              L2:

;  14: 		_clrwdt() ;
  14  0009  0001        CLR WDT
  14  000A              L3:

;  12: 	while(1)
  12  000A  2800     R  JMP L2
  12  000B              L1:

;  19: }
  19  000B  2800     R  JMP $
  19  000C              _main ENDP

;  25: {
  25  0000              @@ISR_Timer .SECTION AT 08H 'CODE'
文件：rb1.c        盛群编译器版本 3.00 页次2 

  25  0000  0004        RETI

;   3: void main()
   3  0000              STARTSEC .SECTION  COM_L 'CODE'
   3  0000              STARTUP:
文件：rb1.c        盛群编译器版本 3.00 页次2

   3  0000              STARTSEC .SECTION  COM_E 'CODE'
   3  0000  0003        RET
   3  0000              @CODE .SECTION AT 0 'CODE'
   3  0000  2000     R  CALL STARTUP
   3  0001  2800     R  JMP begin
   3  0002              @DUMMY PROC
   3  0002  2000     R  CALL _main
   3  0003              @DUMMY ENDP


        0 Errors
